// Vitest Snapshot v1, https://vitest.dev/guide/snapshot.html

exports[`actual konva render 1`] = `
[
  "data:image/png;base64,iVBORw0KGgoAAAANSUhEUgAAAF0AAAAhCAYAAAC7kad5AAAABmJLR0QA/wD/AP+gvaeTAAAB1klEQVRoge2asWvCUBCHf69WQQlZBA3opLODuyji5OKuIAjqX6WDbgoiLk4O7m6CENBFHVzESYgQh9fBWgodSsu7HqH3QSA8wv2Oj+QIL1Faaw3hz1BKqRfuJv4jr88TpRRnHz/i+XAGsWcAkDudAZHOgEhnQKQzINIZEOkMkEp3HAflcpkywiilUgntdhvFYpE05/X7S36HbduYTqfY7XZYLpdUMcYYDAbIZDJYLBbodDrYbDbodrs0YfodAMaOQqGgD4eDXq/XejgcGq39qWVj9bLZrL5cLjoajWoA2rIs7XmeTqVSFD3TjBfHcdBoNNDr9SjKG+d4PCKXy+F2uwEAwuEwQqEQfN8nySMZL5PJBACQz+cpyhvnfr/jdDoBeAjv9/sYjUY4n88keWQzPYhEIhGMx2PYto1Wq0WWI6+M71iWhfl8Dt/3Ua1Wcb1eybJEOh67lbPZDNvtFvV6nWyWP5HxAqBWq6FSqSAej2O1Wn2sN5tNuK5rPE89X2Mo9qYTiQRisRj2+73Ruqb305PJJNLp9Jd113XheZ6RjE89K1LpVAT5I4Z8rmNCpDMg0hkQ6QyIdAZEOgMinQGRzoBIZ0CkM/Cx4RXEn3eD2DMgd7rwX3gD0uf07zgeGHkAAAAASUVORK5CYII=",
  "data:image/png;base64,iVBORw0KGgoAAAANSUhEUgAAADAAAAAhCAYAAACfiCi5AAAABmJLR0QA/wD/AP+gvaeTAAAAzUlEQVRYhd3Yuw3EIBCEYfYKQKIoQhdIC3RFQB1zyckisGUwjx1uJBJH+/2hBQDMphMR+Wgf0T38Zoyhft57pJQQY0RxMz/AWosQAnLOOI4Dxcn8gLK6c+78Tg+4ql4+asBddXrAU3VqQE11SkBLdTpAa3UawNvqFICe6qqAEdXVAKOqLweMrr4UMKP6EsDM6tMBs6tPA6yqPgWwsvpQgEb1YQCt6t0A7epdAIbqrwBM1ZsBbNWrAazVqwDM1R8B7NXvAHJKNtx//J3efV/mVhIjJ1DxlQAAAABJRU5ErkJggg==",
  "data:image/png;base64,iVBORw0KGgoAAAANSUhEUgAAAGwAAAA/CAYAAAAFfC2UAAAABmJLR0QA/wD/AP+gvaeTAAABzUlEQVR4nO3cMW7CQBCF4dmYDona16Cn4RoUiKNsxSW4AUJU3IQmIjfgDEEvRWyEEEmEg2fnWe+rLIrsyn/GCgYnAYAVkFJKJdZl91Z6A/KcUXvg9RtfaqKHQhNGRsHI9B4MQAXghMbN660TgKrvfQzG/YnsaY0lfrbsc+3BcQpWAXh/EOsDwOjvnyBXHsGadR5NmabrWY7B7qdM09WFV7Bmrdsp03R14RysnTJNV0euJy2ldAGwbo4/PdceDM8Ja9aroPddnblfllJKF+81h+RfwTwnU75v0OteIpmXXBKZPotsLwqMezbT3Xo6CkZGwcgoGBkFI6NgZMIGq+va5vN56W2EEzLYZDKx/X5vq9Wq9FbCCRdsNpvZ8Xi08XhceishhQtW17UtFgvbbDaltxJSuA8Rd7udmZlNp9PCO4kp3ITJ7xSMjIK9SM7ZAFjOudd1FIxMuD86Wtvt1g6HQ+lthBM22Pl8Lr2FkHRJJKNgZBSMjIKRUTAyCkZGwcgoGBkFI6NgZFL7BEqXf12kp1d86ekVRt5PYA4VgNycytznOpowMgpGRsHIKBgZBSOjYGQUjIyCkVEwMgpGRsHIKBiZ6zd/dQOYgyZMpE9f3mMygoIYLYkAAAAASUVORK5CYII=",
]
`;

exports[`loading screen (english) 1`] = `
<div>
  <div
    class="sa-data-visualizer bp6-dark"
  >
    <p
      class="bp6-running-text"
      id="data-visualizer-default-text"
    >
      The data visualizer helps you to visualize data structures.
      <br />
      <br />
      It is activated by calling the function 
      <code>
        draw_data(
        x
        <sub>
          1
        </sub>
        , 
        x
        <sub>
          2
        </sub>
        , ..., 
        x
        <sub>
          n
        </sub>
        )
      </code>
      , where 
      <code>
        x
        <sub>
          k
        </sub>
      </code>
       would be the 
      <code>
        k
        <sup>
          th
        </sup>
      </code>
       data structure that you want to visualize and 
      <code>
        n
      </code>
       is the number of structures.
      <br />
      <br />
      The data visualizer uses box-and-pointer diagrams, as introduced in 
      <a
        href="https://sourceacademy.org/sicpjs/2.2.html"
        rel="noopener noreferrer"
        target="_blank"
      >
        <i>
          SICP JS Section 2.2
        </i>
      </a>
      .
    </p>
  </div>
</div>
`;
